Sat Sep  5 15:15:51 IST 2026
PID: 2536
VmSize:	   41188 kB
VmHWM:	    1084 kB
VmRSS:	    1084 kB
VmData:	   35552 kB
-------------------------
Sat Sep  5 15:20:52 IST 2026
PID: 2536
VmSize:	   41188 kB
VmHWM:	    1084 kB
VmRSS:	    1084 kB
VmData:	   35552 kB
-------------------------
Sat Sep  5 15:25:52 IST 2026
PID: 2536
VmSize:	   41188 kB
VmHWM:	    1084 kB
VmRSS:	    1084 kB
VmData:	   35552 kB
-------------------------
Sat Sep  5 15:30:52 IST 2026
PID: 2536
VmSize:	   41188 kB
VmHWM:	    1084 kB
VmRSS:	    1084 kB
VmData:	   35552 kB
-------------------------
Sat Sep  5 15:35:52 IST 2026
PID: 2536
VmSize:	   41188 kB
VmHWM:	    1084 kB
VmRSS:	    1084 kB
VmData:	   35552 kB
-------------------------
Sat Sep  5 15:40:52 IST 2026
PID: 2536
VmSize:	   41188 kB
VmHWM:	    1084 kB
VmRSS:	    1084 kB
VmData:	   35552 kB
-------------------------
Sat Sep  5 15:45:52 IST 2026
PID: 2536
VmSize:	   41188 kB
VmHWM:	    1084 kB
VmRSS:	    1084 kB
VmData:	   35552 kB
-------------------------
Sat Sep  5 15:50:53 IST 2026
PID: 2536
VmSize:	   41188 kB
VmHWM:	    1084 kB
VmRSS:	    1084 kB
VmData:	   35552 kB
-------------------------
Sat Sep  5 15:55:53 IST 2026
PID: 2536
VmSize:	   41188 kB
VmHWM:	    1084 kB
VmRSS:	    1084 kB
VmData:	   35552 kB
-------------------------
Sat Sep  5 16:00:53 IST 2026
PID: 2536
VmSize:	   41188 kB
VmHWM:	    1084 kB
VmRSS:	    1084 kB
VmData:	   35552 kB
-------------------------
Sat Sep  5 16:05:53 IST 2026
PID: 2536
VmSize:	   41188 kB
VmHWM:	    1084 kB
VmRSS:	    1084 kB
VmData:	   35552 kB
-------------------------
Sat Sep  5 16:10:53 IST 2026
PID: 2536
VmSize:	   41188 kB
VmHWM:	    1084 kB
VmRSS:	    1084 kB
VmData:	   35552 kB
-------------------------
Sat Sep  5 16:15:54 IST 2026
PID: 2536
VmSize:	   41188 kB
VmHWM:	    1084 kB
VmRSS:	    1084 kB
VmData:	   35552 kB
-------------------------
Sat Sep  5 16:20:54 IST 2026
PID: 2536
VmSize:	   41188 kB
VmHWM:	    1084 kB
VmRSS:	    1084 kB
VmData:	   35552 kB
-------------------------
Sat Sep  5 16:25:54 IST 2026
PID: 2536
VmSize:	   41188 kB
VmHWM:	    1084 kB
VmRSS:	    1084 kB
VmData:	   35552 kB
-------------------------
Sat Sep  5 16:30:54 IST 2026
PID: 2536
VmSize:	   41188 kB
VmHWM:	    1084 kB
VmRSS:	    1084 kB
VmData:	   35552 kB
-------------------------
Sat Sep  5 16:35:55 IST 2026
PID: 2536
VmSize:	   41188 kB
VmHWM:	    1084 kB
VmRSS:	    1084 kB
VmData:	   35552 kB
-------------------------
Sat Sep  5 16:40:55 IST 2026
PID: 2536
VmSize:	   41188 kB
VmHWM:	    1084 kB
VmRSS:	    1084 kB
VmData:	   35552 kB
-------------------------
Sat Sep  5 16:45:55 IST 2026
PID: 2536
VmSize:	   41188 kB
VmHWM:	    1084 kB
VmRSS:	    1084 kB
VmData:	   35552 kB
-------------------------
Sat Sep  5 16:50:55 IST 2026
PID: 2536
VmSize:	   41188 kB
VmHWM:	    1084 kB
VmRSS:	    1084 kB
VmData:	   35552 kB
-------------------------
Sat Sep  5 16:55:56 IST 2026
PID: 2536
VmSize:	   41188 kB
VmHWM:	    1084 kB
VmRSS:	    1084 kB
VmData:	   35552 kB
-------------------------
Sat Sep  5 17:00:56 IST 2026
PID: 2536
VmSize:	   41188 kB
VmHWM:	    1084 kB
VmRSS:	    1084 kB
VmData:	   35552 kB
-------------------------
Sat Sep  5 17:05:56 IST 2026
PID: 2536
VmSize:	   42212 kB
VmHWM:	    3952 kB
VmRSS:	    3820 kB
VmData:	   36576 kB
-------------------------
Sat Sep  5 17:10:56 IST 2026
PID: 2536
VmSize:	   42212 kB
VmHWM:	    3952 kB
VmRSS:	    3820 kB
VmData:	   36576 kB
-------------------------
Sat Sep  5 17:15:56 IST 2026
PID: 2536
VmSize:	   42212 kB
VmHWM:	    3952 kB
VmRSS:	    3820 kB
VmData:	   36576 kB
-------------------------
Sat Sep  5 17:20:57 IST 2026
PID: 2536
VmSize:	   42212 kB
VmHWM:	    3952 kB
VmRSS:	    3820 kB
VmData:	   36576 kB
-------------------------
Sat Sep  5 17:25:57 IST 2026
PID: 2536
VmSize:	   42212 kB
VmHWM:	    3952 kB
VmRSS:	    3820 kB
VmData:	   36576 kB
-------------------------
Sat Sep  5 17:30:57 IST 2026
PID: 2536
VmSize:	   42212 kB
VmHWM:	    3952 kB
VmRSS:	    3820 kB
VmData:	   36576 kB
-------------------------
